Copyright 1986-2022 Xilinx, Inc. All Rights Reserved. Copyright 2022-2025 Advanced Micro Devices, Inc. All Rights Reserved.
------------------------------------------------------------------------------------------------------------------------------------------------------------------------------------------------------------------------------------
| Tool Version : Vivado v.2025.2 (win64) Build 6299465 Fri Nov 14 19:35:11 GMT 2025
| Date         : Sat Jul 25 17:44:13 2026
| Host         : Prajwal-HP running 64-bit major release  (build 9200)
| Command      : report_timing_summary -max_paths 10 -routable_nets -report_unconstrained -file uart_top_timing_summary_routed.rpt -pb uart_top_timing_summary_routed.pb -rpx uart_top_timing_summary_routed.rpx -warn_on_violation
| Design       : uart_top
| Device       : 7a35t-ftg256
| Speed File   : -1  PRODUCTION 1.23 2018-06-13
| Design State : Routed
------------------------------------------------------------------------------------------------------------------------------------------------------------------------------------------------------------------------------------

Timing Summary Report

------------------------------------------------------------------------------------------------
| Timer Settings
| --------------
------------------------------------------------------------------------------------------------

  Enable Multi Corner Analysis               :  Yes
  Enable Pessimism Removal                   :  Yes
  Pessimism Removal Resolution               :  Nearest Common Node
  Enable Input Delay Default Clock           :  No
  Enable Preset / Clear Arcs                 :  No
  Disable Flight Delays                      :  No
  Ignore I/O Paths                           :  No
  Timing Early Launch at Borrowing Latches   :  No
  Borrow Time for Max Delay Exceptions       :  Yes
  Merge Timing Exceptions                    :  Yes
  Inter-SLR Compensation                     :  Conservative

  Corner  Analyze    Analyze    
  Name    Max Paths  Min Paths  
  ------  ---------  ---------  
  Slow    Yes        Yes        
  Fast    Yes        Yes        


------------------------------------------------------------------------------------------------
| Report Methodology
| ------------------
------------------------------------------------------------------------------------------------

Rule       Severity          Description                  Violations  
---------  ----------------  ---------------------------  ----------  
TIMING-17  Critical Warning  Non-clocked sequential cell  77          

Note: This report is based on the most recent report_methodology run and may not be up-to-date. Run report_methodology on the current design for the latest report.



check_timing report

Table of Contents
-----------------
1. checking no_clock (77)
2. checking constant_clock (0)
3. checking pulse_width_clock (0)
4. checking unconstrained_internal_endpoints (208)
5. checking no_input_delay (11)
6. checking no_output_delay (14)
7. checking multiple_clock (0)
8. checking generated_clocks (0)
9. checking loops (0)
10. checking partial_input_delay (0)
11. checking partial_output_delay (0)
12. checking latch_loops (0)

1. checking no_clock (77)
-------------------------
 There are 77 register/latch pins with no clock driven by root clock pin: clk (HIGH)


2. checking constant_clock (0)
------------------------------
 There are 0 register/latch pins with constant_clock.


3. checking pulse_width_clock (0)
---------------------------------
 There are 0 register/latch pins which need pulse_width check


4. checking unconstrained_internal_endpoints (208)
--------------------------------------------------
 There are 208 pins that are not constrained for maximum delay. (HIGH)

 There are 0 pins that are not constrained for maximum delay due to constant clock.


5. checking no_input_delay (11)
-------------------------------
 There are 11 input ports with no input delay specified. (HIGH)

 There are 0 input ports with no input delay but user has a false path constraint.


6. checking no_output_delay (14)
--------------------------------
 There are 14 ports with no output delay specified. (HIGH)

 There are 0 ports with no output delay but user has a false path constraint

 There are 0 ports with no output delay but with a timing clock defined on it or propagating through it


7. checking multiple_clock (0)
------------------------------
 There are 0 register/latch pins with multiple clocks.


8. checking generated_clocks (0)
--------------------------------
 There are 0 generated clocks that are not connected to a clock source.


9. checking loops (0)
---------------------
 There are 0 combinational loops in the design.


10. checking partial_input_delay (0)
------------------------------------
 There are 0 input ports with partial input delay specified.


11. checking partial_output_delay (0)
-------------------------------------
 There are 0 ports with partial output delay specified.


12. checking latch_loops (0)
----------------------------
 There are 0 combinational latch loops in the design through latch input



------------------------------------------------------------------------------------------------
| Design Timing Summary
| ---------------------
------------------------------------------------------------------------------------------------

    WNS(ns)      TNS(ns)  TNS Failing Endpoints  TNS Total Endpoints      WHS(ns)      THS(ns)  THS Failing Endpoints  THS Total Endpoints     WPWS(ns)     TPWS(ns)  TPWS Failing Endpoints  TPWS Total Endpoints  
    -------      -------  ---------------------  -------------------      -------      -------  ---------------------  -------------------     --------     --------  ----------------------  --------------------  
        inf        0.000                      0                  222          inf        0.000                      0                  222           NA           NA                      NA                    NA  


There are no user specified timing constraints.


------------------------------------------------------------------------------------------------
| Clock Summary
| -------------
------------------------------------------------------------------------------------------------


------------------------------------------------------------------------------------------------
| Intra Clock Table
| -----------------
------------------------------------------------------------------------------------------------

Clock             WNS(ns)      TNS(ns)  TNS Failing Endpoints  TNS Total Endpoints      WHS(ns)      THS(ns)  THS Failing Endpoints  THS Total Endpoints     WPWS(ns)     TPWS(ns)  TPWS Failing Endpoints  TPWS Total Endpoints  
-----             -------      -------  ---------------------  -------------------      -------      -------  ---------------------  -------------------     --------     --------  ----------------------  --------------------  


------------------------------------------------------------------------------------------------
| Inter Clock Table
| -----------------
------------------------------------------------------------------------------------------------

From Clock    To Clock          WNS(ns)      TNS(ns)  TNS Failing Endpoints  TNS Total Endpoints      WHS(ns)      THS(ns)  THS Failing Endpoints  THS Total Endpoints  
----------    --------          -------      -------  ---------------------  -------------------      -------      -------  ---------------------  -------------------  


------------------------------------------------------------------------------------------------
| Other Path Groups Table
| -----------------------
------------------------------------------------------------------------------------------------

Path Group    From Clock    To Clock          WNS(ns)      TNS(ns)  TNS Failing Endpoints  TNS Total Endpoints      WHS(ns)      THS(ns)  THS Failing Endpoints  THS Total Endpoints  
----------    ----------    --------          -------      -------  ---------------------  -------------------      -------      -------  ---------------------  -------------------  


------------------------------------------------------------------------------------------------
| User Ignored Path Table
| -----------------------
------------------------------------------------------------------------------------------------

Path Group    From Clock    To Clock    
----------    ----------    --------    


------------------------------------------------------------------------------------------------
| Unconstrained Path Table
| ------------------------
------------------------------------------------------------------------------------------------

Path Group    From Clock    To Clock    
----------    ----------    --------    
(none)                                    


------------------------------------------------------------------------------------------------
| Timing Details
| --------------
------------------------------------------------------------------------------------------------


--------------------------------------------------------------------------------------
Path Group:  (none)
From Clock:  
  To Clock:  

Max Delay           222 Endpoints
Min Delay           222 Endpoints
--------------------------------------------------------------------------------------


Max Delay Paths
--------------------------------------------------------------------------------------
Slack:                    inf
  Source:                 u_uart_rx/rx_done_reg/C
                            (rising edge-triggered cell FDCE)
  Destination:            rx_done
                            (output port)
  Path Group:             (none)
  Path Type:              Max at Slow Process Corner
  Data Path Delay:        5.082ns  (logic 3.269ns (64.319%)  route 1.813ns (35.681%))
  Logic Levels:           2  (FDCE=1 OBUF=1)

    Location             Delay type                Incr(ns)  Path(ns)    Netlist Resource(s)
  -------------------------------------------------------------------    -------------------
    SLICE_X0Y8           FDCE                         0.000     0.000 r  u_uart_rx/rx_done_reg/C
    SLICE_X0Y8           FDCE (Prop_fdce_C_Q)         0.419     0.419 r  u_uart_rx/rx_done_reg/Q
                         net (fo=1, routed)           1.813     2.232    rx_done_OBUF
    P8                   OBUF (Prop_obuf_I_O)         2.850     5.082 r  rx_done_OBUF_inst/O
                         net (fo=0)                   0.000     5.082    rx_done
    P8                                                                r  rx_done (OUT)
  -------------------------------------------------------------------    -------------------

Slack:                    inf
  Source:                 u_uart_tx/tx_reg/C
                            (rising edge-triggered cell FDPE)
  Destination:            tx
                            (output port)
  Path Group:             (none)
  Path Type:              Max at Slow Process Corner
  Data Path Delay:        5.005ns  (logic 3.138ns (62.705%)  route 1.866ns (37.295%))
  Logic Levels:           2  (FDPE=1 OBUF=1)

    Location             Delay type                Incr(ns)  Path(ns)    Netlist Resource(s)
  -------------------------------------------------------------------    -------------------
    SLICE_X1Y15          FDPE                         0.000     0.000 r  u_uart_tx/tx_reg/C
    SLICE_X1Y15          FDPE (Prop_fdpe_C_Q)         0.456     0.456 r  u_uart_tx/tx_reg/Q
                         net (fo=1, routed)           1.866     2.322    tx_OBUF
    N6                   OBUF (Prop_obuf_I_O)         2.682     5.005 r  tx_OBUF_inst/O
                         net (fo=0)                   0.000     5.005    tx
    N6                                                                r  tx (OUT)
  -------------------------------------------------------------------    -------------------

Slack:                    inf
  Source:                 u_uart_rx/rx_data_reg[1]/C
                            (rising edge-triggered cell FDCE)
  Destination:            rx_data[1]
                            (output port)
  Path Group:             (none)
  Path Type:              Max at Slow Process Corner
  Data Path Delay:        4.991ns  (logic 3.128ns (62.661%)  route 1.864ns (37.339%))
  Logic Levels:           2  (FDCE=1 OBUF=1)

    Location             Delay type                Incr(ns)  Path(ns)    Netlist Resource(s)
  -------------------------------------------------------------------    -------------------
    SLICE_X1Y5           FDCE                         0.000     0.000 r  u_uart_rx/rx_data_reg[1]/C
    SLICE_X1Y5           FDCE (Prop_fdce_C_Q)         0.456     0.456 r  u_uart_rx/rx_data_reg[1]/Q
                         net (fo=1, routed)           1.864     2.320    rx_data_OBUF[1]
    R7                   OBUF (Prop_obuf_I_O)         2.672     4.991 r  rx_data_OBUF[1]_inst/O
                         net (fo=0)                   0.000     4.991    rx_data[1]
    R7                                                                r  rx_data[1] (OUT)
  -------------------------------------------------------------------    -------------------

Slack:                    inf
  Source:                 u_uart_rx/rx_data_reg[2]/C
                            (rising edge-triggered cell FDCE)
  Destination:            rx_data[2]
                            (output port)
  Path Group:             (none)
  Path Type:              Max at Slow Process Corner
  Data Path Delay:        4.984ns  (logic 3.266ns (65.522%)  route 1.718ns (34.478%))
  Logic Levels:           2  (FDCE=1 OBUF=1)

    Location             Delay type                Incr(ns)  Path(ns)    Netlist Resource(s)
  -------------------------------------------------------------------    -------------------
    SLICE_X0Y6           FDCE                         0.000     0.000 r  u_uart_rx/rx_data_reg[2]/C
    SLICE_X0Y6           FDCE (Prop_fdce_C_Q)         0.419     0.419 r  u_uart_rx/rx_data_reg[2]/Q
                         net (fo=1, routed)           1.718     2.137    rx_data_OBUF[2]
    R6                   OBUF (Prop_obuf_I_O)         2.847     4.984 r  rx_data_OBUF[2]_inst/O
                         net (fo=0)                   0.000     4.984    rx_data[2]
    R6                                                                r  rx_data[2] (OUT)
  -------------------------------------------------------------------    -------------------

Slack:                    inf
  Source:                 u_uart_rx/rx_data_reg[0]/C
                            (rising edge-triggered cell FDCE)
  Destination:            rx_data[0]
                            (output port)
  Path Group:             (none)
  Path Type:              Max at Slow Process Corner
  Data Path Delay:        4.978ns  (logic 3.114ns (62.546%)  route 1.864ns (37.454%))
  Logic Levels:           2  (FDCE=1 OBUF=1)

    Location             Delay type                Incr(ns)  Path(ns)    Netlist Resource(s)
  -------------------------------------------------------------------    -------------------
    SLICE_X1Y5           FDCE                         0.000     0.000 r  u_uart_rx/rx_data_reg[0]/C
    SLICE_X1Y5           FDCE (Prop_fdce_C_Q)         0.456     0.456 r  u_uart_rx/rx_data_reg[0]/Q
                         net (fo=1, routed)           1.864     2.320    rx_data_OBUF[0]
    P6                   OBUF (Prop_obuf_I_O)         2.658     4.978 r  rx_data_OBUF[0]_inst/O
                         net (fo=0)                   0.000     4.978    rx_data[0]
    P6                                                                r  rx_data[0] (OUT)
  -------------------------------------------------------------------    -------------------

Slack:                    inf
  Source:                 u_uart_rx/parity_err_reg/C
                            (rising edge-triggered cell FDCE)
  Destination:            parity_err
                            (output port)
  Path Group:             (none)
  Path Type:              Max at Slow Process Corner
  Data Path Delay:        4.952ns  (logic 3.125ns (63.112%)  route 1.827ns (36.888%))
  Logic Levels:           2  (FDCE=1 OBUF=1)

    Location             Delay type                Incr(ns)  Path(ns)    Netlist Resource(s)
  -------------------------------------------------------------------    -------------------
    SLICE_X0Y6           FDCE                         0.000     0.000 r  u_uart_rx/parity_err_reg/C
    SLICE_X0Y6           FDCE (Prop_fdce_C_Q)         0.456     0.456 r  u_uart_rx/parity_err_reg/Q
                         net (fo=1, routed)           1.827     2.283    parity_err_OBUF
    R8                   OBUF (Prop_obuf_I_O)         2.669     4.952 r  parity_err_OBUF_inst/O
                         net (fo=0)                   0.000     4.952    parity_err
    R8                                                                r  parity_err (OUT)
  -------------------------------------------------------------------    -------------------

Slack:                    inf
  Source:                 u_uart_rx/rx_data_reg[7]/C
                            (rising edge-triggered cell FDCE)
  Destination:            rx_data[7]
                            (output port)
  Path Group:             (none)
  Path Type:              Max at Slow Process Corner
  Data Path Delay:        4.924ns  (logic 3.253ns (66.060%)  route 1.671ns (33.940%))
  Logic Levels:           2  (FDCE=1 OBUF=1)

    Location             Delay type                Incr(ns)  Path(ns)    Netlist Resource(s)
  -------------------------------------------------------------------    -------------------
    SLICE_X0Y6           FDCE                         0.000     0.000 r  u_uart_rx/rx_data_reg[7]/C
    SLICE_X0Y6           FDCE (Prop_fdce_C_Q)         0.419     0.419 r  u_uart_rx/rx_data_reg[7]/Q
                         net (fo=1, routed)           1.671     2.090    rx_data_OBUF[7]
    T8                   OBUF (Prop_obuf_I_O)         2.834     4.924 r  rx_data_OBUF[7]_inst/O
                         net (fo=0)                   0.000     4.924    rx_data[7]
    T8                                                                r  rx_data[7] (OUT)
  -------------------------------------------------------------------    -------------------

Slack:                    inf
  Source:                 u_uart_tx/tx_busy_reg/C
                            (rising edge-triggered cell FDCE)
  Destination:            tx_busy
                            (output port)
  Path Group:             (none)
  Path Type:              Max at Slow Process Corner
  Data Path Delay:        4.866ns  (logic 3.140ns (64.530%)  route 1.726ns (35.470%))
  Logic Levels:           2  (FDCE=1 OBUF=1)

    Location             Delay type                Incr(ns)  Path(ns)    Netlist Resource(s)
  -------------------------------------------------------------------    -------------------
    SLICE_X4Y16          FDCE                         0.000     0.000 r  u_uart_tx/tx_busy_reg/C
    SLICE_X4Y16          FDCE (Prop_fdce_C_Q)         0.456     0.456 r  u_uart_tx/tx_busy_reg/Q
                         net (fo=1, routed)           1.726     2.182    tx_busy_OBUF
    M6                   OBUF (Prop_obuf_I_O)         2.684     4.866 r  tx_busy_OBUF_inst/O
                         net (fo=0)                   0.000     4.866    tx_busy
    M6                                                                r  tx_busy (OUT)
  -------------------------------------------------------------------    -------------------

Slack:                    inf
  Source:                 u_uart_rx/rx_data_reg[4]/C
                            (rising edge-triggered cell FDCE)
  Destination:            rx_data[4]
                            (output port)
  Path Group:             (none)
  Path Type:              Max at Slow Process Corner
  Data Path Delay:        4.803ns  (logic 3.113ns (64.813%)  route 1.690ns (35.187%))
  Logic Levels:           2  (FDCE=1 OBUF=1)

    Location             Delay type                Incr(ns)  Path(ns)    Netlist Resource(s)
  -------------------------------------------------------------------    -------------------
    SLICE_X0Y5           FDCE                         0.000     0.000 r  u_uart_rx/rx_data_reg[4]/C
    SLICE_X0Y5           FDCE (Prop_fdce_C_Q)         0.456     0.456 r  u_uart_rx/rx_data_reg[4]/Q
                         net (fo=1, routed)           1.690     2.146    rx_data_OBUF[4]
    R5                   OBUF (Prop_obuf_I_O)         2.657     4.803 r  rx_data_OBUF[4]_inst/O
                         net (fo=0)                   0.000     4.803    rx_data[4]
    R5                                                                r  rx_data[4] (OUT)
  -------------------------------------------------------------------    -------------------

Slack:                    inf
  Source:                 u_uart_tx/tx_done_reg/C
                            (rising edge-triggered cell FDCE)
  Destination:            tx_done
                            (output port)
  Path Group:             (none)
  Path Type:              Max at Slow Process Corner
  Data Path Delay:        4.803ns  (logic 3.115ns (64.849%)  route 1.688ns (35.151%))
  Logic Levels:           2  (FDCE=1 OBUF=1)

    Location             Delay type                Incr(ns)  Path(ns)    Netlist Resource(s)
  -------------------------------------------------------------------    -------------------
    SLICE_X1Y14          FDCE                         0.000     0.000 r  u_uart_tx/tx_done_reg/C
    SLICE_X1Y14          FDCE (Prop_fdce_C_Q)         0.456     0.456 r  u_uart_tx/tx_done_reg/Q
                         net (fo=1, routed)           1.688     2.144    tx_done_OBUF
    P9                   OBUF (Prop_obuf_I_O)         2.659     4.803 r  tx_done_OBUF_inst/O
                         net (fo=0)                   0.000     4.803    tx_done
    P9                                                                r  tx_done (OUT)
  -------------------------------------------------------------------    -------------------





Min Delay Paths
--------------------------------------------------------------------------------------
Slack:                    inf
  Source:                 u_uart_rx/rx_sync_0_reg/C
                            (rising edge-triggered cell FDPE)
  Destination:            u_uart_rx/rx_sync_1_reg/D
  Path Group:             (none)
  Path Type:              Min at Fast Process Corner
  Data Path Delay:        0.247ns  (logic 0.128ns (51.736%)  route 0.119ns (48.264%))
  Logic Levels:           1  (FDPE=1)

    Location             Delay type                Incr(ns)  Path(ns)    Netlist Resource(s)
  -------------------------------------------------------------------    -------------------
    SLICE_X0Y14          FDPE                         0.000     0.000 r  u_uart_rx/rx_sync_0_reg/C
    SLICE_X0Y14          FDPE (Prop_fdpe_C_Q)         0.128     0.128 r  u_uart_rx/rx_sync_0_reg/Q
                         net (fo=1, routed)           0.119     0.247    u_uart_rx/rx_sync_0
    SLICE_X0Y14          FDPE                                         r  u_uart_rx/rx_sync_1_reg/D
  -------------------------------------------------------------------    -------------------

Slack:                    inf
  Source:                 u_uart_rx/data_reg_reg[7]/C
                            (rising edge-triggered cell FDCE)
  Destination:            u_uart_rx/rx_data_reg[7]/D
  Path Group:             (none)
  Path Type:              Min at Fast Process Corner
  Data Path Delay:        0.273ns  (logic 0.141ns (51.621%)  route 0.132ns (48.379%))
  Logic Levels:           1  (FDCE=1)

    Location             Delay type                Incr(ns)  Path(ns)    Netlist Resource(s)
  -------------------------------------------------------------------    -------------------
    SLICE_X1Y6           FDCE                         0.000     0.000 r  u_uart_rx/data_reg_reg[7]/C
    SLICE_X1Y6           FDCE (Prop_fdce_C_Q)         0.141     0.141 r  u_uart_rx/data_reg_reg[7]/Q
                         net (fo=3, routed)           0.132     0.273    u_uart_rx/data_reg[7]
    SLICE_X0Y6           FDCE                                         r  u_uart_rx/rx_data_reg[7]/D
  -------------------------------------------------------------------    -------------------

Slack:                    inf
  Source:                 u_uart_rx/data_reg_reg[0]/C
                            (rising edge-triggered cell FDCE)
  Destination:            u_uart_rx/rx_data_reg[0]/D
  Path Group:             (none)
  Path Type:              Min at Fast Process Corner
  Data Path Delay:        0.273ns  (logic 0.141ns (51.608%)  route 0.132ns (48.392%))
  Logic Levels:           1  (FDCE=1)

    Location             Delay type                Incr(ns)  Path(ns)    Netlist Resource(s)
  -------------------------------------------------------------------    -------------------
    SLICE_X1Y6           FDCE                         0.000     0.000 r  u_uart_rx/data_reg_reg[0]/C
    SLICE_X1Y6           FDCE (Prop_fdce_C_Q)         0.141     0.141 r  u_uart_rx/data_reg_reg[0]/Q
                         net (fo=3, routed)           0.132     0.273    u_uart_rx/data_reg[0]
    SLICE_X1Y5           FDCE                                         r  u_uart_rx/rx_data_reg[0]/D
  -------------------------------------------------------------------    -------------------

Slack:                    inf
  Source:                 u_uart_rx/data_reg_reg[5]/C
                            (rising edge-triggered cell FDCE)
  Destination:            u_uart_rx/rx_data_reg[5]/D
  Path Group:             (none)
  Path Type:              Min at Fast Process Corner
  Data Path Delay:        0.282ns  (logic 0.141ns (49.941%)  route 0.141ns (50.059%))
  Logic Levels:           1  (FDCE=1)

    Location             Delay type                Incr(ns)  Path(ns)    Netlist Resource(s)
  -------------------------------------------------------------------    -------------------
    SLICE_X0Y7           FDCE                         0.000     0.000 r  u_uart_rx/data_reg_reg[5]/C
    SLICE_X0Y7           FDCE (Prop_fdce_C_Q)         0.141     0.141 r  u_uart_rx/data_reg_reg[5]/Q
                         net (fo=3, routed)           0.141     0.282    u_uart_rx/data_reg[5]
    SLICE_X0Y5           FDCE                                         r  u_uart_rx/rx_data_reg[5]/D
  -------------------------------------------------------------------    -------------------

Slack:                    inf
  Source:                 u_uart_rx/data_reg_reg[6]/C
                            (rising edge-triggered cell FDCE)
  Destination:            u_uart_rx/rx_data_reg[6]/D
  Path Group:             (none)
  Path Type:              Min at Fast Process Corner
  Data Path Delay:        0.285ns  (logic 0.141ns (49.430%)  route 0.144ns (50.570%))
  Logic Levels:           1  (FDCE=1)

    Location             Delay type                Incr(ns)  Path(ns)    Netlist Resource(s)
  -------------------------------------------------------------------    -------------------
    SLICE_X0Y7           FDCE                         0.000     0.000 r  u_uart_rx/data_reg_reg[6]/C
    SLICE_X0Y7           FDCE (Prop_fdce_C_Q)         0.141     0.141 r  u_uart_rx/data_reg_reg[6]/Q
                         net (fo=3, routed)           0.144     0.285    u_uart_rx/data_reg[6]
    SLICE_X0Y5           FDCE                                         r  u_uart_rx/rx_data_reg[6]/D
  -------------------------------------------------------------------    -------------------

Slack:                    inf
  Source:                 u_uart_rx/data_reg_reg[3]/C
                            (rising edge-triggered cell FDCE)
  Destination:            u_uart_rx/rx_data_reg[3]/D
  Path Group:             (none)
  Path Type:              Min at Fast Process Corner
  Data Path Delay:        0.312ns  (logic 0.141ns (45.163%)  route 0.171ns (54.837%))
  Logic Levels:           1  (FDCE=1)

    Location             Delay type                Incr(ns)  Path(ns)    Netlist Resource(s)
  -------------------------------------------------------------------    -------------------
    SLICE_X1Y6           FDCE                         0.000     0.000 r  u_uart_rx/data_reg_reg[3]/C
    SLICE_X1Y6           FDCE (Prop_fdce_C_Q)         0.141     0.141 r  u_uart_rx/data_reg_reg[3]/Q
                         net (fo=3, routed)           0.171     0.312    u_uart_rx/data_reg[3]
    SLICE_X0Y5           FDCE                                         r  u_uart_rx/rx_data_reg[3]/D
  -------------------------------------------------------------------    -------------------

Slack:                    inf
  Source:                 u_uart_tx/bit_idx_reg[0]/C
                            (rising edge-triggered cell FDCE)
  Destination:            u_uart_tx/bit_idx_reg[1]/D
  Path Group:             (none)
  Path Type:              Min at Fast Process Corner
  Data Path Delay:        0.317ns  (logic 0.186ns (58.636%)  route 0.131ns (41.364%))
  Logic Levels:           2  (FDCE=1 LUT6=1)

    Location             Delay type                Incr(ns)  Path(ns)    Netlist Resource(s)
  -------------------------------------------------------------------    -------------------
    SLICE_X1Y14          FDCE                         0.000     0.000 r  u_uart_tx/bit_idx_reg[0]/C
    SLICE_X1Y14          FDCE (Prop_fdce_C_Q)         0.141     0.141 r  u_uart_tx/bit_idx_reg[0]/Q
                         net (fo=6, routed)           0.131     0.272    u_uart_tx/bit_idx_reg_n_0_[0]
    SLICE_X0Y14          LUT6 (Prop_lut6_I3_O)        0.045     0.317 r  u_uart_tx/bit_idx[1]_i_1/O
                         net (fo=1, routed)           0.000     0.317    u_uart_tx/bit_idx[1]_i_1_n_0
    SLICE_X0Y14          FDCE                                         r  u_uart_tx/bit_idx_reg[1]/D
  -------------------------------------------------------------------    -------------------

Slack:                    inf
  Source:                 u_uart_rx/data_reg_reg[4]/C
                            (rising edge-triggered cell FDCE)
  Destination:            u_uart_rx/rx_data_reg[4]/D
  Path Group:             (none)
  Path Type:              Min at Fast Process Corner
  Data Path Delay:        0.330ns  (logic 0.141ns (42.724%)  route 0.189ns (57.276%))
  Logic Levels:           1  (FDCE=1)

    Location             Delay type                Incr(ns)  Path(ns)    Netlist Resource(s)
  -------------------------------------------------------------------    -------------------
    SLICE_X1Y6           FDCE                         0.000     0.000 r  u_uart_rx/data_reg_reg[4]/C
    SLICE_X1Y6           FDCE (Prop_fdce_C_Q)         0.141     0.141 r  u_uart_rx/data_reg_reg[4]/Q
                         net (fo=3, routed)           0.189     0.330    u_uart_rx/data_reg[4]
    SLICE_X0Y5           FDCE                                         r  u_uart_rx/rx_data_reg[4]/D
  -------------------------------------------------------------------    -------------------

Slack:                    inf
  Source:                 u_uart_rx/data_reg_reg[1]/C
                            (rising edge-triggered cell FDCE)
  Destination:            u_uart_rx/rx_data_reg[1]/D
  Path Group:             (none)
  Path Type:              Min at Fast Process Corner
  Data Path Delay:        0.331ns  (logic 0.141ns (42.650%)  route 0.190ns (57.350%))
  Logic Levels:           1  (FDCE=1)

    Location             Delay type                Incr(ns)  Path(ns)    Netlist Resource(s)
  -------------------------------------------------------------------    -------------------
    SLICE_X0Y7           FDCE                         0.000     0.000 r  u_uart_rx/data_reg_reg[1]/C
    SLICE_X0Y7           FDCE (Prop_fdce_C_Q)         0.141     0.141 r  u_uart_rx/data_reg_reg[1]/Q
                         net (fo=3, routed)           0.190     0.331    u_uart_rx/data_reg[1]
    SLICE_X1Y5           FDCE                                         r  u_uart_rx/rx_data_reg[1]/D
  -------------------------------------------------------------------    -------------------

Slack:                    inf
  Source:                 u_uart_rx/bit_idx_reg[0]/C
                            (rising edge-triggered cell FDCE)
  Destination:            u_uart_rx/bit_idx_reg[2]/D
  Path Group:             (none)
  Path Type:              Min at Fast Process Corner
  Data Path Delay:        0.339ns  (logic 0.186ns (54.851%)  route 0.153ns (45.149%))
  Logic Levels:           2  (FDCE=1 LUT6=1)

    Location             Delay type                Incr(ns)  Path(ns)    Netlist Resource(s)
  -------------------------------------------------------------------    -------------------
    SLICE_X1Y8           FDCE                         0.000     0.000 r  u_uart_rx/bit_idx_reg[0]/C
    SLICE_X1Y8           FDCE (Prop_fdce_C_Q)         0.141     0.141 r  u_uart_rx/bit_idx_reg[0]/Q
                         net (fo=12, routed)          0.153     0.294    u_uart_rx/bit_idx_reg_n_0_[0]
    SLICE_X0Y8           LUT6 (Prop_lut6_I1_O)        0.045     0.339 r  u_uart_rx/bit_idx[2]_i_1/O
                         net (fo=1, routed)           0.000     0.339    u_uart_rx/bit_idx[2]_i_1_n_0
    SLICE_X0Y8           FDCE                                         r  u_uart_rx/bit_idx_reg[2]/D
  -------------------------------------------------------------------    -------------------





