Copyright 1986-2022 Xilinx, Inc. All Rights Reserved. Copyright 2022-2025 Advanced Micro Devices, Inc. All Rights Reserved.
---------------------------------------------------------------------------------------------------------------------------------------------
| Tool Version : Vivado v.2025.2 (win64) Build 6299465 Fri Nov 14 19:35:11 GMT 2025
| Date         : Sat Jul 25 17:43:35 2026
| Host         : Prajwal-HP running 64-bit major release  (build 9200)
| Command      : report_control_sets -verbose -file uart_top_control_sets_placed.rpt
| Design       : uart_top
| Device       : xc7a35t
---------------------------------------------------------------------------------------------------------------------------------------------

Control Set Information

Table of Contents
-----------------
1. Summary
2. Histogram
3. Flip-Flop Distribution
4. Detailed Control Set Information

1. Summary
----------

+----------------------------------------------------------+-------+
|                          Status                          | Count |
+----------------------------------------------------------+-------+
| Total control sets                                       |     7 |
|    Minimum number of control sets                        |     7 |
|    Addition due to synthesis replication                 |     0 |
|    Addition due to physical synthesis replication        |     0 |
| Unused register locations in slices containing registers |    19 |
+----------------------------------------------------------+-------+
* Control sets can be merged at opt_design using control_set_merge or merge_equivalent_drivers
** Run report_qor_suggestions for automated merging and remapping suggestions


2. Histogram
------------

+--------------------+-------+
|       Fanout       | Count |
+--------------------+-------+
| Total control sets |     7 |
| >= 0 to < 4        |     1 |
| >= 4 to < 6        |     1 |
| >= 6 to < 8        |     0 |
| >= 8 to < 10       |     1 |
| >= 10 to < 12      |     1 |
| >= 12 to < 14      |     0 |
| >= 14 to < 16      |     1 |
| >= 16              |     2 |
+--------------------+-------+
* Control sets can be remapped at either synth_design or opt_design


3. Flip-Flop Distribution
-------------------------

+--------------+-----------------------+------------------------+-----------------+--------------+
| Clock Enable | Synchronous Set/Reset | Asynchronous Set/Reset | Total Registers | Total Slices |
+--------------+-----------------------+------------------------+-----------------+--------------+
| No           | No                    | No                     |               0 |            0 |
| No           | No                    | Yes                    |              23 |            8 |
| No           | Yes                   | No                     |               0 |            0 |
| Yes          | No                    | No                     |               0 |            0 |
| Yes          | No                    | Yes                    |              54 |           22 |
| Yes          | Yes                   | No                     |               0 |            0 |
+--------------+-----------------------+------------------------+-----------------+--------------+


4. Detailed Control Set Information
-----------------------------------

+----------------+---------------------------------------+------------------+------------------+----------------+--------------+
|  Clock Signal  |             Enable Signal             | Set/Reset Signal | Slice Load Count | Bel Load Count | Bels / Slice |
+----------------+---------------------------------------+------------------+------------------+----------------+--------------+
|  clk_IBUF_BUFG | u_uart_tx/tx_busy_i_1_n_0             | u_uart_rx/rst_n  |                1 |              1 |         1.00 |
|  clk_IBUF_BUFG | u_uart_rx/FSM_onehot_state[4]_i_1_n_0 | u_uart_rx/rst_n  |                2 |              5 |         2.50 |
|  clk_IBUF_BUFG | u_uart_tx/data_reg[7]_i_1_n_0         | u_uart_rx/rst_n  |                2 |              8 |         4.00 |
|  clk_IBUF_BUFG | u_uart_rx/rx_data[7]_i_1_n_0          | u_uart_rx/rst_n  |                3 |             10 |         3.33 |
|  clk_IBUF_BUFG | u_uart_tx/clk_cnt[12]_i_1_n_0         | u_uart_rx/rst_n  |                6 |             14 |         2.33 |
|  clk_IBUF_BUFG | u_uart_rx/clk_cnt[15]_i_1_n_0         | u_uart_rx/rst_n  |                8 |             16 |         2.00 |
|  clk_IBUF_BUFG |                                       | u_uart_rx/rst_n  |                8 |             23 |         2.88 |
+----------------+---------------------------------------+------------------+------------------+----------------+--------------+


